// Jest Snapshot v1, https://goo.gl/fbAQLP

exports[`DateInput renders with minimal props 1`] = `"<div class=\\"sc-fzplWN bXErYq input-wrap\\"><div class=\\"sc-AxheI bXnOQb\\"><label id=\\"test-id-label\\" for=\\"test-id\\" class=\\"sc-Axmtr eRRmJW label\\"></label></div><div class=\\"sc-fznZeY gOCnoB input-container\\"><div class=\\"sc-fzokOt bLutgt\\"><span class=\\"sc-fznKkj XyVbL\\" id=\\"test-id-prefix\\"><svg aria-hidden=\\"true\\" focusable=\\"false\\" data-prefix=\\"far\\" data-icon=\\"calendar-alt\\" class=\\"svg-inline--fa fa-calendar-alt fa-w-14 sc-fzoLag irDmAM\\" role=\\"img\\" xmlns=\\"http://www.w3.org/2000/svg\\" viewBox=\\"0 0 448 512\\"><path fill=\\"currentColor\\" d=\\"M148 288h-40c-6.6 0-12-5.4-12-12v-40c0-6.6 5.4-12 12-12h40c6.6 0 12 5.4 12 12v40c0 6.6-5.4 12-12 12zm108-12v-40c0-6.6-5.4-12-12-12h-40c-6.6 0-12 5.4-12 12v40c0 6.6 5.4 12 12 12h40c6.6 0 12-5.4 12-12zm96 0v-40c0-6.6-5.4-12-12-12h-40c-6.6 0-12 5.4-12 12v40c0 6.6 5.4 12 12 12h40c6.6 0 12-5.4 12-12zm-96 96v-40c0-6.6-5.4-12-12-12h-40c-6.6 0-12 5.4-12 12v40c0 6.6 5.4 12 12 12h40c6.6 0 12-5.4 12-12zm-96 0v-40c0-6.6-5.4-12-12-12h-40c-6.6 0-12 5.4-12 12v40c0 6.6 5.4 12 12 12h40c6.6 0 12-5.4 12-12zm192 0v-40c0-6.6-5.4-12-12-12h-40c-6.6 0-12 5.4-12 12v40c0 6.6 5.4 12 12 12h40c6.6 0 12-5.4 12-12zm96-260v352c0 26.5-21.5 48-48 48H48c-26.5 0-48-21.5-48-48V112c0-26.5 21.5-48 48-48h48V12c0-6.6 5.4-12 12-12h40c6.6 0 12 5.4 12 12v52h128V12c0-6.6 5.4-12 12-12h40c6.6 0 12 5.4 12 12v52h48c26.5 0 48 21.5 48 48zm-48 346V160H48v298c0 3.3 2.7 6 6 6h340c3.3 0 6-2.7 6-6z\\"></path></svg></span><div class=\\"sc-fzqBZW jwXeeT input-clear-wrap\\"><input id=\\"test-id\\" name=\\"test-id\\" type=\\"text\\" inputmode=\\"text\\" placeholder=\\"DD/MM/YYYY\\" aria-labelledby=\\"test-id-label\\" aria-describedby=\\"test-id-prefix\\" autocomplete=\\"off\\" maxlength=\\"11\\" class=\\"sc-fzqNJr blqIGP input-default \\" breakpoint=\\"md\\" value=\\"\\"></div></div></div></div>"`;
