// Jest Snapshot v1, https://goo.gl/fbAQLP

exports[`Card renders 1`] = `"<div id=\\"card-one\\" class=\\"sc-AxjAm dqYQfW\\"></div>"`;
