// Jest Snapshot v1, https://goo.gl/fbAQLP

exports[`CardGroup renders with minimal props 1`] = `"<div class=\\"sc-AxjAm kaSHsU\\"><div class=\\"sc-AxirZ jnDRS\\"></div></div><div id=\\"test\\" class=\\"sc-AxhCb iVjiSm\\"></div>"`;
