// Jest Snapshot v1, https://goo.gl/fbAQLP

exports[`CheckboxGroup.component renders with minimal props 1`] = `
"<div class=\\"sc-fzoXzr dgQelt\\"><label for=\\"test-group-id\\" class=\\"sc-fzpjYC gUAKL label\\">test</label></div><div class=\\"sc-AxhUy sc-fzozJi hRZogA row \\"><div class=\\"sc-AxgMl sc-AxheI gsRwqP 
        
      \\"><div id=\\"test-group-id\\" class=\\"sc-fznxsB gJmhvS\\"><div class=\\"sc-AxhUy sc-fzozJi fBSpRK row sc-fznJRM eExOsy\\"><div class=\\"sc-AxgMl sc-AxheI igotej 
        
      \\"><div class=\\"sc-fzoiQi kojvwE\\"><input id=\\"A-1\\" name=\\"A-1\\" type=\\"checkbox\\" role=\\"checkbox\\" aria-checked=\\"false\\" class=\\"sc-fznWqX kVHZaY\\"><label for=\\"A-1\\" class=\\"sc-fzqNqU cLRsou\\"><div class=\\"sc-fzqARJ fqUSrT\\"></div></label></div></div><div class=\\"sc-AxgMl sc-AxheI igotej 
        
      \\"><div class=\\"sc-fzoiQi kojvwE\\"><input id=\\"A-2\\" name=\\"A-2\\" type=\\"checkbox\\" role=\\"checkbox\\" aria-checked=\\"false\\" class=\\"sc-fznWqX kVHZaY\\"><label for=\\"A-2\\" class=\\"sc-fzqNqU cLRsou\\"><div class=\\"sc-fzqARJ fqUSrT\\"></div></label></div></div><div class=\\"sc-AxgMl sc-AxheI igotej 
        
      \\"><div class=\\"sc-fzoiQi kojvwE\\"><input id=\\"A-3\\" name=\\"A-3\\" type=\\"checkbox\\" role=\\"checkbox\\" aria-checked=\\"false\\" class=\\"sc-fznWqX kVHZaY\\"><label for=\\"A-3\\" class=\\"sc-fzqNqU cLRsou\\"><div class=\\"sc-fzqARJ fqUSrT\\"></div></label></div></div></div></div></div></div>"
`;

exports[`CheckboxGroup.component renders with props 1`] = `
"<div class=\\"sc-fzoXzr dgQelt\\"><label for=\\"test-group-id\\" class=\\"sc-fzpjYC gUAKL label\\"></label></div><div class=\\"sc-AxhUy sc-fzozJi hRZogA row \\"><div class=\\"sc-AxgMl sc-AxheI gsRwqP 
        
      \\"><div id=\\"test-group-id\\" class=\\"sc-fznxsB gJmhvS\\"><div class=\\"sc-AxhUy sc-fzozJi fBSpRK row sc-fznJRM eExOsy\\"><div class=\\"sc-AxgMl sc-AxheI ifRcLL 
        
      \\"><div class=\\"sc-fzoiQi kojvwE\\"><input id=\\"A-1\\" name=\\"A-1\\" type=\\"checkbox\\" role=\\"checkbox\\" aria-checked=\\"false\\" class=\\"sc-fznWqX kVHZaY\\"><label for=\\"A-1\\" class=\\"sc-fzqNqU cLRsou\\"><div class=\\"sc-fzqARJ fqUSrT\\"></div></label></div></div><div class=\\"sc-AxgMl sc-AxheI ifRcLL 
        
      \\"><div class=\\"sc-fzoiQi kojvwE\\"><input id=\\"A-2\\" name=\\"A-2\\" type=\\"checkbox\\" role=\\"checkbox\\" aria-checked=\\"false\\" class=\\"sc-fznWqX kVHZaY\\"><label for=\\"A-2\\" class=\\"sc-fzqNqU cLRsou\\"><div class=\\"sc-fzqARJ fqUSrT\\"></div></label></div></div><div class=\\"sc-AxgMl sc-AxheI ifRcLL 
        
      \\"><div class=\\"sc-fzoiQi kojvwE\\"><input id=\\"A-3\\" name=\\"A-3\\" type=\\"checkbox\\" role=\\"checkbox\\" aria-checked=\\"false\\" class=\\"sc-fznWqX kVHZaY\\"><label for=\\"A-3\\" class=\\"sc-fzqNqU cLRsou\\"><div class=\\"sc-fzqARJ fqUSrT\\"></div></label></div></div></div></div></div></div>"
`;

exports[`generateGroup does not render children if there are none 1`] = `<div />`;

exports[`generateGroup renders if there are children 1`] = `
"<div class=\\"sc-AxgMl sc-AxheI igotej 
        
      \\"><div class=\\"sc-fzoiQi kojvwE\\"><input id=\\"A-1\\" name=\\"A-1\\" type=\\"checkbox\\" role=\\"checkbox\\" aria-checked=\\"false\\" class=\\"sc-fznWqX kVHZaY\\"><label for=\\"A-1\\" class=\\"sc-fzqNqU cLRsou\\"><div class=\\"sc-fzqARJ fqUSrT\\"></div><div class=\\"sc-fzoyTs fXOGpI\\">A-1 check</div></label></div></div><div class=\\"sc-AxgMl sc-AxheI igotej 
        
      \\"><div class=\\"sc-fzoiQi kojvwE\\"><input id=\\"A-2\\" name=\\"A-2\\" type=\\"checkbox\\" role=\\"checkbox\\" aria-checked=\\"false\\" class=\\"sc-fznWqX kVHZaY\\"><label for=\\"A-2\\" class=\\"sc-fzqNqU cLRsou\\"><div class=\\"sc-fzqARJ fqUSrT\\"></div><div class=\\"sc-fzoyTs fXOGpI\\">A-2 check</div></label></div></div>"
`;
