// Jest Snapshot v1, https://goo.gl/fbAQLP

exports[`Footer renders with minimal props 1`] = `
"<div class=\\"sc-fznZeY iscnKp\\" style=\\"padding-top: 0px;\\"><div class=\\"sc-fzokOt jUStbm\\"><div class=\\"sc-AxheI iNVRxu\\"><div class=\\"sc-AxhCb sc-AxmLO cPhYWV row \\"><div class=\\"sc-AxhUy sc-AxgMl gzcspF 
        
      \\"><div class=\\"sc-fzqBZW jARrmz\\"><p class=\\"sc-fzqNJr iUCRId\\">Â© 2020 Compare The Market. All rights reserved. ACN: 117323 378 AFSL 422926</p></div></div></div></div></div></div>"
`;
