// Jest Snapshot v1, https://goo.gl/fbAQLP

exports[`Column renders correctly without props 1`] = `
.c0 {
  box-sizing: border-box;
  -webkit-flex: 0 0 auto;
  -ms-flex: 0 0 auto;
  flex: 0 0 auto;
  padding-right: 0.5rem;
  padding-left: 0.5rem;
  box-sizing: border-box;
  -webkit-align-items: stretch;
  -webkit-box-align: stretch;
  -ms-flex-align: stretch;
  align-items: stretch;
  -webkit-box-pack: initial;
  -webkit-justify-content: initial;
  -ms-flex-pack: initial;
  justify-content: initial;
  -webkit-flex-direction: column;
  -ms-flex-direction: column;
  flex-direction: column;
}

@media only screen and (min-width:0em) {
  .c0 {
    -webkit-box-flex: 1;
    -webkit-flex-grow: 1;
    -ms-flex-positive: 1;
    flex-grow: 1;
    -webkit-flex-basis: 0;
    -ms-flex-preferred-size: 0;
    flex-basis: 0;
    max-width: 100%;
    display: block;
  }
}

@media only screen and (min-width:48em) {
  .c0 {
    -webkit-box-flex: 1;
    -webkit-flex-grow: 1;
    -ms-flex-positive: 1;
    flex-grow: 1;
    -webkit-flex-basis: 0;
    -ms-flex-preferred-size: 0;
    flex-basis: 0;
    max-width: 100%;
    display: block;
  }
}

@media only screen and (min-width:64em) {
  .c0 {
    -webkit-box-flex: 1;
    -webkit-flex-grow: 1;
    -ms-flex-positive: 1;
    flex-grow: 1;
    -webkit-flex-basis: 0;
    -ms-flex-preferred-size: 0;
    flex-basis: 0;
    max-width: 100%;
    display: block;
  }
}

@media only screen and (min-width:75em) {
  .c0 {
    -webkit-box-flex: 1;
    -webkit-flex-grow: 1;
    -ms-flex-positive: 1;
    flex-grow: 1;
    -webkit-flex-basis: 0;
    -ms-flex-preferred-size: 0;
    flex-basis: 0;
    max-width: 100%;
    display: block;
  }
}

@media only screen and (min-width:0em) {
  .c0 {
    margin-left: 0%;
  }
}

@media only screen and (min-width:48em) {
  .c0 {
    margin-left: 0%;
  }
}

@media only screen and (min-width:64em) {
  .c0 {
    margin-left: 0%;
  }
}

@media only screen and (min-width:75em) {
  .c0 {
    margin-left: 0%;
  }
}

@media only screen and (min-width:0em) {
  .c0 {
    display: -webkit-box;
    display: -webkit-flex;
    display: -ms-flexbox;
    display: flex;
  }
}

@media only screen and (min-width:48em) {
  .c0 {
    display: -webkit-box;
    display: -webkit-flex;
    display: -ms-flexbox;
    display: flex;
  }
}

@media only screen and (min-width:64em) {
  .c0 {
    display: -webkit-box;
    display: -webkit-flex;
    display: -ms-flexbox;
    display: flex;
  }
}

@media only screen and (min-width:75em) {
  .c0 {
    display: -webkit-box;
    display: -webkit-flex;
    display: -ms-flexbox;
    display: flex;
  }
}

<div>
  <div
    class="c0 
        
      "
  />
</div>
`;
