// Jest Snapshot v1, https://goo.gl/fbAQLP

exports[`CurrencyInput renders with minimal props 1`] = `"<div class=\\"sc-fzplWN emlKZO input-wrap\\"><label for=\\"test-id\\" class=\\"sc-AxheI epCesR label\\"></label><div class=\\"sc-fznZeY gkkhKP input-container\\"><div class=\\"sc-fzokOt krwtzC\\"><div class=\\"sc-fzqBZW cbLEVp input-clear-wrap\\"><input id=\\"test-id\\" name=\\"test-id\\" type=\\"tel\\" placeholder=\\"\\" autocomplete=\\"off\\" maxlength=\\"15\\" class=\\"sc-fzqNJr hHZqbu input-default \\" value=\\"\\"></div></div></div></div>"`;
