// Jest Snapshot v1, https://goo.gl/fbAQLP

exports[`ToggleLabel renders with minimal props 1`] = `
<div>
  <label
    class="sc-AxiKw fPSlkG"
    for="test"
  >
    <div
      class="sc-AxhCb jOcikB"
    >
      <div>
        child content
      </div>
    </div>
  </label>
</div>
`;
