// Jest Snapshot v1, https://goo.gl/fbAQLP

exports[`ToggleGroup renders with minimal props 1`] = `"<div class=\\"sc-fznyAO ingaBT\\"><label for=\\"toggle-group\\" class=\\"sc-fznKkj isneTn label\\"></label></div><div id=\\"toggle-group\\" class=\\"sc-fzqNJr gmOBYn\\"></div><div class=\\"sc-fzoyAV XIZpE\\"></div>"`;
