// Jest Snapshot v1, https://goo.gl/fbAQLP

exports[`ScrollableButtons renders with props 1`] = `
<div>
  <div
    class="sc-AxjAm hkuSct"
  >
    <div
      class="sc-AxhCb fTstWI"
      direction="left"
      hidden=""
      role="button"
      tabindex="0"
    >
      <svg
        aria-hidden="true"
        arrowdirection="Left"
        class="svg-inline--fa fa-angle-left sc-AxiKw hQrLWm"
        data-icon="angle-left"
        data-prefix="far"
        focusable="false"
        role="img"
        viewBox="0 0 192 512"
        xmlns="http://www.w3.org/2000/svg"
      >
        <path
          d="M4.2 247.5L151 99.5c4.7-4.7 12.3-4.7 17 0l19.8 19.8c4.7 4.7 4.7 12.3 0 17L69.3 256l118.5 119.7c4.7 4.7 4.7 12.3 0 17L168 412.5c-4.7 4.7-12.3 4.7-17 0L4.2 264.5c-4.7-4.7-4.7-12.3 0-17z"
          fill="currentColor"
        />
      </svg>
    </div>
    <ul
      class="sc-AxirZ bqraxx"
    >
      <li
        class="sc-AxgMl wmXNz"
      >
        <a
          class="MuiTypography-root MuiLink-root MuiLink-underlineNone MuiTypography-colorPrimary"
          href="#"
          style="font-family: \\"SourceSansPro\\", \\"Helvetica\\", \\"Arial\\"; color: rgb(11, 96, 183);"
        >
          <p
            class="sc-AxhUy lfOHbf sc-AxheI jfMvre"
          >
            label1
          </p>
        </a>
      </li>
      <li
        class="sc-AxgMl wmXNz"
      >
        <a
          class="MuiTypography-root MuiLink-root MuiLink-underlineNone MuiTypography-colorPrimary"
          href="#"
          style="font-family: \\"SourceSansPro\\", \\"Helvetica\\", \\"Arial\\"; color: rgb(11, 96, 183);"
        >
          <p
            class="sc-AxhUy lfOHbf sc-AxheI jfMvre"
          >
            label2
          </p>
        </a>
      </li>
    </ul>
    <div
      class="sc-AxhCb bmBWHl"
      direction="right"
      hidden=""
      role="button"
      tabindex="0"
    >
      <svg
        aria-hidden="true"
        arrowdirection="Right"
        class="svg-inline--fa fa-angle-right sc-AxiKw ldkiVq"
        data-icon="angle-right"
        data-prefix="far"
        focusable="false"
        role="img"
        viewBox="0 0 192 512"
        xmlns="http://www.w3.org/2000/svg"
      >
        <path
          d="M187.8 264.5L41 412.5c-4.7 4.7-12.3 4.7-17 0L4.2 392.7c-4.7-4.7-4.7-12.3 0-17L122.7 256 4.2 136.3c-4.7-4.7-4.7-12.3 0-17L24 99.5c4.7-4.7 12.3-4.7 17 0l146.8 148c4.7 4.7 4.7 12.3 0 17z"
          fill="currentColor"
        />
      </svg>
    </div>
  </div>
</div>
`;
