// Jest Snapshot v1, https://goo.gl/fbAQLP

exports[`MultiSelectToggleGroup renders with minimal props 1`] = `"<div class=\\"sc-AxgMl fKCFxx\\"><label id=\\"\\" for=\\"toggle-group\\" class=\\"sc-AxheI gJjHoN label\\"></label></div><div id=\\"toggle-group\\" class=\\"sc-fzoLsD cVLOiw\\"></div><div class=\\"sc-fzpans dNeJqN\\"></div>"`;
