// Jest Snapshot v1, https://goo.gl/fbAQLP

exports[`IconToggle renders with props 1`] = `"<div class=\\"sc-AxjAm kBRMiC\\"><input tabindex=\\"0\\" id=\\"test\\" type=\\"radio\\" name=\\"\\" class=\\"sc-AxirZ cxuttB\\" value=\\"test\\"><label for=\\"test\\" class=\\"sc-AxiKw bMNIFU\\"><div class=\\"sc-AxhCb dEuFeY\\"><div class=\\"sc-AxhUy iozMHd\\"><div class=\\"sc-AxgMl hRVOuc\\"><svg aria-hidden=\\"true\\" focusable=\\"false\\" data-prefix=\\"fas\\" data-icon=\\"check\\" class=\\"svg-inline--fa fa-check fa-w-16 fa-4x \\" role=\\"img\\" xmlns=\\"http://www.w3.org/2000/svg\\" viewBox=\\"0 0 512 512\\"><path fill=\\"currentColor\\" d=\\"M173.898 439.404l-166.4-166.4c-9.997-9.997-9.997-26.206 0-36.204l36.203-36.204c9.997-9.998 26.207-9.998 36.204 0L192 312.69 432.095 72.596c9.997-9.997 26.207-9.997 36.204 0l36.203 36.204c9.997 9.997 9.997 26.206 0 36.204l-294.4 294.401c-9.998 9.997-26.207 9.997-36.204-.001z\\"></path></svg></div><div class=\\"sc-AxheI ilVCuK\\"><div class=\\"sc-Axmtr hZugSb\\">test icon toggle</div><div class=\\"sc-AxmLO hWpoUR\\"></div></div></div></div></label></div>"`;
