// Jest Snapshot v1, https://goo.gl/fbAQLP

exports[`Subscript.component renders correctly with minimal props 1`] = `
.c0 {
  line-height: 1.4;
  font-size: 1rem;
  -webkit-letter-spacing: 0.15rem;
  -moz-letter-spacing: 0.15rem;
  -ms-letter-spacing: 0.15rem;
  letter-spacing: 0.15rem;
  font-weight: 400;
  text-transform: uppercase;
  color: #333333;
}

@media (min-width:1200px) {

}

@media (min-width:1200px) {

}

@media (min-width:1200px) {

}

@media (min-width:1200px) {

}

@media (min-width:1200px) {

}

@media (min-width:1200px) {

}

<div>
  <p
    class="c0"
  />
</div>
`;
