// Jest Snapshot v1, https://goo.gl/fbAQLP

exports[`IconToggle renders with props 1`] = `"<div class=\\"sc-AxirZ klQxSA\\"><input tabindex=\\"0\\" id=\\"test\\" type=\\"radio\\" name=\\"\\" class=\\"sc-AxiKw botYzr\\" value=\\"test\\"><label for=\\"test\\" class=\\"sc-AxhCb DNJow\\"><div class=\\"sc-AxhUy eQbMTQ\\"><div class=\\"sc-AxgMl duNNlP\\"><div class=\\"sc-AxheI drmA-du\\"><svg aria-hidden=\\"true\\" focusable=\\"false\\" data-prefix=\\"fas\\" data-icon=\\"check\\" class=\\"svg-inline--fa fa-check fa-w-16 fa-4x \\" role=\\"img\\" xmlns=\\"http://www.w3.org/2000/svg\\" viewBox=\\"0 0 512 512\\"><path fill=\\"currentColor\\" d=\\"M173.898 439.404l-166.4-166.4c-9.997-9.997-9.997-26.206 0-36.204l36.203-36.204c9.997-9.998 26.207-9.998 36.204 0L192 312.69 432.095 72.596c9.997-9.997 26.207-9.997 36.204 0l36.203 36.204c9.997 9.997 9.997 26.206 0 36.204l-294.4 294.401c-9.998 9.997-26.207 9.997-36.204-.001z\\"></path></svg></div><div class=\\"sc-Axmtr joSQGB\\"><div class=\\"sc-AxmLO cGWfhR\\"><p class=\\"sc-AxjAm dOroGk\\">test icon toggle</p></div><div class=\\"sc-fzozJi RYGkH\\"><p class=\\"sc-AxjAm dOroGk\\"></p></div></div></div></div></label></div>"`;
