// Jest Snapshot v1, https://goo.gl/fbAQLP

exports[`ToastManager() renders a container  1`] = `"<div class=\\"sc-fzozJi Wfmzj\\"><div class=\\"sc-fzoLsD dOyZm\\"></div></div>"`;
