// Jest Snapshot v1, https://goo.gl/fbAQLP

exports[`Logo renders correctly with minimal props 1`] = `"<div id=\\"logo\\" class=\\"sc-AxiKw bRaKDp\\"><a href=\\"https://www.comparethemarket.com.au\\"><picture class=\\"sc-AxjAm kaRYdH\\"><source srcset=\\"ctm-logo-stacked.svg\\" media=\\"(max-width: 1200px\\"><source srcset=\\"ctm-logo-inline.svg\\"><img src=\\"ctm-logo-stacked.svg\\" alt=\\"\\" title=\\"\\" class=\\"sc-AxirZ eWklgb\\"></picture></a></div>"`;
