// Jest Snapshot v1, https://goo.gl/fbAQLP

exports[`Row renders correctly without props 1`] = `
.c0 {
  display: -webkit-box;
  display: -webkit-flex;
  display: -ms-flexbox;
  display: flex;
  -webkit-flex-wrap: wrap;
  -ms-flex-wrap: wrap;
  flex-wrap: wrap;
  margin-left: -1.6rem;
  margin-right: -1.6rem;
  -webkit-flex-wrap: wrap;
  -ms-flex-wrap: wrap;
  flex-wrap: wrap;
  margin-bottom: 2.4rem;
  width: 100%;
}

@media (min-width:1200px) {

}

@media (min-width:1200px) {

}

@media (min-width:1200px) {

}

@media (min-width:1200px) {

}

@media (min-width:1200px) {

}

@media (min-width:1200px) {

}

<div>
  <div
    class="c0 row "
  />
</div>
`;
