// Jest Snapshot v1, https://goo.gl/fbAQLP

exports[`ColorToggle renders with #333333 fontColor 1`] = `"<div class=\\"sc-AxjAm bDMUCn\\"><input tabindex=\\"0\\" id=\\"test-a\\" type=\\"radio\\" name=\\"\\" class=\\"sc-AxirZ kfJLNv\\" value=\\"ttt\\"><label for=\\"test-a\\" class=\\"sc-AxiKw iypklI\\"><div class=\\"sc-AxhCb jOcikB\\"><div class=\\"sc-AxhUy bRtOZa\\"><span class=\\"sc-AxheI fSlsP\\"><span class=\\"MuiTypography-root MuiTypography-body2\\">Black</span></span><i style=\\"background-color: black;\\" class=\\"sc-AxgMl idXEwr\\"></i></div></div></label></div>"`;

exports[`ColorToggle renders with #FFFFFF fontColor 1`] = `"<div class=\\"sc-AxjAm bDMUCn\\"><input tabindex=\\"0\\" id=\\"test-a\\" type=\\"radio\\" name=\\"\\" class=\\"sc-AxirZ liMpcz\\" value=\\"ttt\\"><label for=\\"test-a\\" class=\\"sc-AxiKw iypklI\\"><div class=\\"sc-AxhCb jOcikB\\"><div class=\\"sc-AxhUy bRtOZa\\"><span class=\\"sc-AxheI fSlsP\\"><span class=\\"MuiTypography-root MuiTypography-body2\\">Black</span></span><i style=\\"background-color: black;\\" class=\\"sc-AxgMl idXEwr\\"></i></div></div></label></div>"`;

exports[`ColorToggle renders with minimal props 1`] = `"<div class=\\"sc-AxjAm bDMUCn\\"><input tabindex=\\"0\\" id=\\"test-a\\" type=\\"radio\\" name=\\"\\" class=\\"sc-AxirZ ccNmkn\\" value=\\"ttt\\"><label for=\\"test-a\\" class=\\"sc-AxiKw iypklI\\"><div class=\\"sc-AxhCb jOcikB\\"><div class=\\"sc-AxhUy bRtOZa\\"><span class=\\"sc-AxheI fSlsP\\"><span class=\\"MuiTypography-root MuiTypography-body2\\">Black</span></span><i style=\\"background-color: black;\\" class=\\"sc-AxgMl idXEwr\\"></i></div></div></label></div>"`;
