// Jest Snapshot v1, https://goo.gl/fbAQLP

exports[`CurrencyInput renders with minimal props 1`] = `"<div class=\\"sc-fzplWN bXErYq input-wrap\\"><div class=\\"sc-AxheI bXnOQb\\"><label id=\\"test-id-label\\" for=\\"test-id\\" class=\\"sc-Axmtr zreGG label\\"></label></div><div class=\\"sc-fznZeY gOCnoB input-container\\"><div class=\\"sc-fzokOt bLutgt\\"><div class=\\"sc-fzqBZW jwXeeT input-clear-wrap\\"><input id=\\"test-id\\" name=\\"test-id\\" type=\\"tel\\" placeholder=\\"\\" aria-labelledby=\\"test-id-label\\" aria-describedby=\\"test-id-tooltip\\" autocomplete=\\"off\\" maxlength=\\"15\\" class=\\"sc-fzqNJr blqIGP input-default \\" breakpoint=\\"md\\" value=\\"\\"></div></div></div></div>"`;
