// Jest Snapshot v1, https://goo.gl/fbAQLP

exports[`TrackerItem renders correctly 1`] = `"<style></style><span class=\\"progress-icon  disabled \\"><style></style>3</span><div></div>"`;
