// Jest Snapshot v1, https://goo.gl/fbAQLP

exports[`BaseToggle renders with minimal props 1`] = `
.c0 {
  display: -webkit-box;
  display: -webkit-flex;
  display: -ms-flexbox;
  display: flex;
  position: relative;
  cursor: pointer;
  border: 1px solid #DDDDDD;
  font-weight: 700;
  margin: 0 0.8rem 1.6rem 0.8rem;
  background: #FFFFFF;
  box-shadow: 0 0.5rem 0.5rem 0 rgba(0,0,0,.1);
  line-height: 1.5;
  min-width: 12.8rem;
}

.c1 {
  opacity: 0;
  width: 0;
  height: 0;
  position: absolute;
  fill: currentColor;
  box-shadow: none;
  -webkit-transition: all 200ms ease-out;
  transition: all 200ms ease-out;
}

.c1:checked + label svg {
  color: #FFFFFF;
}

.c1:disabled + label:hover {
  cursor: not-allowed;
}

.c1:disabled + label {
  color: #CCCCCC;
  border: 1px solid transparent;
  fill: currentColor;
}

.c1:checked + label {
  background: #001443;
  color: #FFFFFF;
  box-shadow: none;
}

.c1:focus + label {
  box-shadow: 0 0 2px 3px rgba(0,123,255,.3);
}

<div>
  <div
    class="c0"
  >
    <input
      class="c1"
      id="test-square"
      name=""
      tabindex="0"
      type="radio"
      value="test"
    />
  </div>
</div>
`;
