// Jest Snapshot v1, https://goo.gl/fbAQLP

exports[`ToggleGroup renders with minimal props 1`] = `"<label class=\\"sc-AxhCb hVSPzA label\\"></label><div class=\\"sc-AxheI hvWqxE\\"></div><div class=\\"sc-Axmtr fUrbvH\\"></div>"`;
