// Jest Snapshot v1, https://goo.gl/fbAQLP

exports[`Checkbox.component renders with minimal props 1`] = `"<div class=\\"sc-AykKD kORHBz\\"><input id=\\"test-id\\" name=\\"test-id\\" type=\\"checkbox\\" class=\\"sc-AykKC jVorYY\\"><label for=\\"test-id\\" class=\\"sc-AykKE fnCsWZ\\"><div class=\\"sc-AykKF kbzaRi\\"></div></label></div>"`;

exports[`Checkbox.component renders with props 1`] = `"<div class=\\"sc-AykKD kORHBz\\"><input id=\\"test-id\\" name=\\"test-id\\" type=\\"checkbox\\" class=\\"sc-AykKC jVorYY\\"><label for=\\"test-id\\" class=\\"sc-AykKE cPvVnI\\"><div class=\\"sc-AykKF gvEQTf\\"><svg aria-hidden=\\"true\\" focusable=\\"false\\" data-prefix=\\"far\\" data-icon=\\"times\\" class=\\"svg-inline--fa fa-times fa-w-10 fa-1x \\" role=\\"img\\" xmlns=\\"http://www.w3.org/2000/svg\\" viewBox=\\"0 0 320 512\\"><path fill=\\"currentColor\\" d=\\"M207.6 256l107.72-107.72c6.23-6.23 6.23-16.34 0-22.58l-25.03-25.03c-6.23-6.23-16.34-6.23-22.58 0L160 208.4 52.28 100.68c-6.23-6.23-16.34-6.23-22.58 0L4.68 125.7c-6.23 6.23-6.23 16.34 0 22.58L112.4 256 4.68 363.72c-6.23 6.23-6.23 16.34 0 22.58l25.03 25.03c6.23 6.23 16.34 6.23 22.58 0L160 303.6l107.72 107.72c6.23 6.23 16.34 6.23 22.58 0l25.03-25.03c6.23-6.23 6.23-16.34 0-22.58L207.6 256z\\"></path></svg></div><div class=\\"sc-AykKG zMzrB checkbox-content\\"><p>child content</p></div></label></div>"`;

exports[`renderIcon() renders an icon when params are set (icon name and toggle is true) 1`] = `"<svg aria-hidden=\\"true\\" focusable=\\"false\\" data-prefix=\\"far\\" data-icon=\\"times\\" class=\\"svg-inline--fa fa-times fa-w-10 fa-1x \\" role=\\"img\\" xmlns=\\"http://www.w3.org/2000/svg\\" viewBox=\\"0 0 320 512\\"><path fill=\\"currentColor\\" d=\\"M207.6 256l107.72-107.72c6.23-6.23 6.23-16.34 0-22.58l-25.03-25.03c-6.23-6.23-16.34-6.23-22.58 0L160 208.4 52.28 100.68c-6.23-6.23-16.34-6.23-22.58 0L4.68 125.7c-6.23 6.23-6.23 16.34 0 22.58L112.4 256 4.68 363.72c-6.23 6.23-6.23 16.34 0 22.58l25.03 25.03c6.23 6.23 16.34 6.23 22.58 0L160 303.6l107.72 107.72c6.23 6.23 16.34 6.23 22.58 0l25.03-25.03c6.23-6.23 6.23-16.34 0-22.58L207.6 256z\\"></path></svg>"`;
