// Jest Snapshot v1, https://goo.gl/fbAQLP

exports[`CardGroup renders with minimal props 1`] = `"<div id=\\"test\\" class=\\"sc-bwzfXH eXuFVT\\"></div>"`;
