// Jest Snapshot v1, https://goo.gl/fbAQLP

exports[`ExpressiveInput renders with minimal props 1`] = `"<div class=\\"sc-fzpans mKmoT input-wrap\\"><div class=\\"sc-fznKkj bEKlFj input-container\\"><div class=\\"sc-fznZeY gCjgZb\\"><div class=\\"sc-fzokOt cXBDVM input-clear-wrap\\"><div class=\\"sc-AxgMl hTWZYh\\"><label id=\\"\\" for=\\"test-id\\" class=\\"sc-AxheI iCGNxP label\\"></label></div><input id=\\"test-id\\" name=\\"test-id\\" type=\\"text\\" placeholder=\\"\\" aria-labelledby=\\"test-id-label\\" aria-describedby=\\"test-id-tooltip\\" autocomplete=\\"off\\" class=\\"sc-fzqBZW cjwyNe input-default \\" breakpoint=\\"md\\" value=\\"\\"></div></div></div></div>"`;
